******************************************************************************
                  MSP430 Linker PC v20.2.5                     
******************************************************************************
>> Linked Sat Sep 18 00:59:01 2021

OUTPUT FILE NAME:   <test.out>
ENTRY POINT SYMBOL: "_c_int00_noargs"  address: 0000d37a


MEMORY CONFIGURATION

         name            origin    length      used     unused   attr    fill
----------------------  --------  ---------  --------  --------  ----  --------
  SFR                   00000000   00000010  00000000  00000010  RWIX
  PERIPHERALS_8BIT      00000010   000000f0  00000000  000000f0  RWIX
  PERIPHERALS_16BIT     00000100   00000100  00000000  00000100  RWIX
  RAM                   00000200   00000800  0000036f  00000491  RWIX
  INFOD                 00001000   00000040  00000000  00000040  RWIX
  INFOC                 00001040   00000040  00000000  00000040  RWIX
  INFOB                 00001080   00000040  00000000  00000040  RWIX
  INFOA                 000010c0   00000040  00000000  00000040  RWIX
  FLASH                 0000c000   00003fde  00001580  00002a5e  RWIX
  BSLSIGNATURE          0000ffde   00000002  00000002  00000000  RWIX  ffff 
  INT00                 0000ffe0   00000002  00000002  00000000  RWIX
  INT01                 0000ffe2   00000002  00000000  00000002  RWIX
  INT02                 0000ffe4   00000002  00000002  00000000  RWIX
  INT03                 0000ffe6   00000002  00000002  00000000  RWIX
  INT04                 0000ffe8   00000002  00000000  00000002  RWIX
  INT05                 0000ffea   00000002  00000002  00000000  RWIX
  INT06                 0000ffec   00000002  00000002  00000000  RWIX
  INT07                 0000ffee   00000002  00000002  00000000  RWIX
  INT08                 0000fff0   00000002  00000002  00000000  RWIX
  INT09                 0000fff2   00000002  00000002  00000000  RWIX
  INT10                 0000fff4   00000002  00000002  00000000  RWIX
  INT11                 0000fff6   00000002  00000002  00000000  RWIX
  INT12                 0000fff8   00000002  00000002  00000000  RWIX
  INT13                 0000fffa   00000002  00000002  00000000  RWIX
  INT14                 0000fffc   00000002  00000002  00000000  RWIX
  RESET                 0000fffe   00000002  00000002  00000000  RWIX


SECTION ALLOCATION MAP

 output                                  attributes/
section   page    origin      length       input sections
--------  ----  ----------  ----------   ----------------
.data      0    00000320    00000101     UNINITIALIZED
                  00000320    00000078     rts430_eabi.lib : defs.c.obj (.data:_ftable)
                  00000398    0000004e                     : host_device.c.obj (.data:_device)
                  000003e6    00000028                     : host_device.c.obj (.data:_stream)
                  0000040e    00000002                     : exit_gvars.c.obj (.data:__TI_cleanup_ptr)
                  00000410    00000002                     : exit_gvars.c.obj (.data:__TI_dtors_ptr)
                  00000412    00000002                     : _lock.c.obj (.data:_lock)
                  00000414    00000002                     : _lock.c.obj (.data:_unlock)
                  00000416    00000002                     : defs.c.obj (.data)
                  00000418    00000002                     : exit.c.obj (.data)
                  0000041a    00000002                     : fopen.c.obj (.data)
                  0000041c    00000002                     : memory.c.obj (.data)
                  0000041e    00000002                     : open.c.obj (.data)
                  00000420    00000001     main.obj (.data)

.bss       0    00000422    000000ae     UNINITIALIZED
                  00000422    000000a0     (.common:__TI_tmpnams)
                  000004c2    00000008     (.common:parmbuf)
                  000004ca    00000002     rts430_eabi.lib : memory.c.obj (.bss)
                  000004cc    00000002     (.common:f)
                  000004ce    00000002     (.common:isr_add)

.sysmem    0    000004d0    00000050     UNINITIALIZED
                  000004d0    00000008     rts430_eabi.lib : memory.c.obj (.sysmem)
                  000004d8    00000048     --HOLE--

.stack     0    000009b0    00000050     UNINITIALIZED
                  000009b0    00000002     rts430_eabi.lib : boot.c.obj (.stack)
                  000009b2    0000004e     --HOLE--

.text      0    0000c000    00001500     
                  0000c000    00000150     rts430_eabi.lib : fopen.c.obj (.text:_openfile)
                  0000c150    00000116                     : _printfi_min.c.obj (.text:_setfield)
                  0000c266    000000f6                     : memory.c.obj (.text:aligned_alloc)
                  0000c35c    000000ec                     : _printfi_min.c.obj (.text:__TI_printfi_minimal)
                  0000c448    000000ea                     : fputs.c.obj (.text:fputs)
                  0000c532    000000d2                     : memory.c.obj (.text:free)
                  0000c604    000000d0                     : setvbuf.c.obj (.text:setvbuf)
                  0000c6d4    000000ca                     : _printfi_min.c.obj (.text:_pproc_diouxp)
                  0000c79e    000000a2                     : open.c.obj (.text:open)
                  0000c840    00000090                     : fputc.c.obj (.text:fputc)
                  0000c8d0    0000008e                     : fopen.c.obj (.text:fopen)
                  0000c95e    00000088                     : hostlseek.c.obj (.text:HOSTlseek)
                  0000c9e6    0000007c                     : copy_decompress_lzss.c.obj (.text:decompress:lzss:__TI_decompress_lzss)
                  0000ca62    0000007a                     : _io_perm.c.obj (.text:__TI_wrt_ok)
                  0000cadc    00000072                     : fclose.c.obj (.text:__TI_closefile)
                  0000cb4e    00000070                     : fseek.c.obj (.text:fseek)
                  0000cbbe    0000006a                     : hostrename.c.obj (.text:HOSTrename)
                  0000cc28    00000068                     : memory.c.obj (.text:split)
                  0000cc90    00000066                     : hostopen.c.obj (.text:HOSTopen)
                  0000ccf6    00000062                     : hostwrite.c.obj (.text:HOSTwrite)
                  0000cd58    00000062                     : fflush.c.obj (.text:__TI_doflush)
                  0000cdba    00000060                     : hostread.c.obj (.text:HOSTread)
                  0000ce1a    00000058                     : getdevice.c.obj (.text:getdevice)
                  0000ce72    00000050     main.obj (.text:txrx)
                  0000cec2    0000004c     rts430_eabi.lib : lsr16.asm.obj (.text)
                  0000cf0e    0000004a                     : close.c.obj (.text:close)
                  0000cf58    00000044                     : hostclose.c.obj (.text:HOSTclose)
                  0000cf9c    00000044                     : exit.c.obj (.text:exit)
                  0000cfe0    00000042                     : autoinit.c.obj (.text:__TI_auto_init_nobinit_nopinit:__TI_auto_init_nobinit_nopinit)
                  0000d022    00000042                     : fprintf.c.obj (.text:fprintf)
                  0000d064    00000040                     : hostunlink.c.obj (.text:HOSTunlink)
                  0000d0a4    0000003e                     : lsl32.asm.obj (.text:l_lsl_const)
                  0000d0e2    0000003c                     : printf.c.obj (.text:printf)
                  0000d11e    00000034                     : fopen.c.obj (.text:__TI_cleanup)
                  0000d152    00000034                     : getdevice.c.obj (.text:finddevice)
                  0000d186    0000002e                     : trgmsg.c.obj (.text:__TI_writemsg)
                  0000d1b4    0000002c                     : trgmsg.c.obj (.text:__TI_readmsg)
                  0000d1e0    0000002c                     : lsl16.asm.obj (.text)
                  0000d20c    0000002c                     : strncpy.c.obj (.text:strncpy)
                  0000d238    00000028                     : memory.c.obj (.text:free_list_insert)
                  0000d260    00000028                     : unlink.c.obj (.text:unlink)
                  0000d288    00000026                     : lseek.c.obj (.text:lseek)
                  0000d2ae    00000024     main.obj (.text:init_i2c)
                  0000d2d2    00000024     rts430_eabi.lib : write.c.obj (.text:write)
                  0000d2f6    00000022                     : fclose.c.obj (.text:fclose)
                  0000d318    00000022     main.obj (.text:main)
                  0000d33a    00000022     rts430_eabi.lib : memccpy.c.obj (.text:memccpy)
                  0000d35c    0000001e     main.obj (.text:init_uart)
                  0000d37a    0000001c     rts430_eabi.lib : boot.c.obj (.text:_c_int00_noargs)
                  0000d396    0000001c                     : memory.c.obj (.text:free_list_remove)
                  0000d3b2    0000001a                     : strchr.c.obj (.text:strchr)
                  0000d3cc    00000018                     : strcmp.c.obj (.text:strcmp)
                  0000d3e4    00000016                     : div16u.asm.obj (.text)
                  0000d3fa    00000016     main.obj (.text:transmit)
                  0000d410    00000014     rts430_eabi.lib : copy_zero_init.c.obj (.text:decompress:ZI:__TI_zero_init_nomemset:__TI_zero_init_nomemset)
                  0000d424    00000014                     : memchr.c.obj (.text:memchr)
                  0000d438    00000014                     : memset.c.obj (.text:memset)
                  0000d44c    00000014                     : mult16.asm.obj (.text)
                  0000d460    00000012                     : copy_decompress_none.c.obj (.text:decompress:none:__TI_decompress_none)
                  0000d472    00000012                     : memcpy.c.obj (.text:memcpy)
                  0000d484    00000010                     : epilog.asm.obj (.text)
                  0000d494    00000010                     : strcpy.c.obj (.text:strcpy)
                  0000d4a4    0000000e     main.obj (.text:clk)
                  0000d4b2    0000000e     main.obj (.text:port_setup)
                  0000d4c0    0000000e     rts430_eabi.lib : strlen.c.obj (.text:strlen)
                  0000d4ce    00000008                     : isr_trap.asm.obj (.text:_isr:__TI_ISR_TRAP)
                  0000d4d6    00000008                     : memory.c.obj (.text:malloc)
                  0000d4de    00000006                     : fprintf.c.obj (.text:_outc)
                  0000d4e4    00000006                     : printf.c.obj (.text:_outc)
                  0000d4ea    00000006                     : exit.c.obj (.text:abort)
                  0000d4f0    00000004                     : fprintf.c.obj (.text:_outs)
                  0000d4f4    00000004                     : printf.c.obj (.text:_outs)
                  0000d4f8    00000004                     : pre_init.c.obj (.text:_system_pre_init)
                  0000d4fc    00000002                     : _lock.c.obj (.text:_nop)
                  0000d4fe    00000002                     : startup.c.obj (.text:_system_post_cinit)

.const     0    0000d500    0000002c     
                  0000d500    00000018     main.obj (.const:.string)
                  0000d518    00000014     rts430_eabi.lib : _printfi_min.c.obj (.const:.string)

.cinit     0    0000d52c    00000054     
                  0000d52c    00000042     (.cinit..data.load) [load image, compression = lzss]
                  0000d56e    00000006     (__TI_handler_table)
                  0000d574    00000004     (.cinit..bss.load) [load image, compression = zero_init]
                  0000d578    00000008     (__TI_cinit_table)

.cio       0    00000200    00000120     UNINITIALIZED
                  00000200    00000120     rts430_eabi.lib : trgmsg.c.obj (.cio)

.binit     0    0000c000    00000000     

.init_array 
*          0    0000c000    00000000     UNINITIALIZED

TRAPINT    0    0000ffe0    00000002     
                  0000ffe0    00000002     rts430_eabi.lib : int00.asm.obj (.int00)

PORT1      0    0000ffe4    00000002     
                  0000ffe4    00000002     rts430_eabi.lib : int02.asm.obj (.int02)

PORT2      0    0000ffe6    00000002     
                  0000ffe6    00000002     rts430_eabi.lib : int03.asm.obj (.int03)

ADC10      0    0000ffea    00000002     
                  0000ffea    00000002     rts430_eabi.lib : int05.asm.obj (.int05)

USCIAB0TX 
*          0    0000ffec    00000002     
                  0000ffec    00000002     main.obj (.int06)

USCIAB0RX 
*          0    0000ffee    00000002     
                  0000ffee    00000002     rts430_eabi.lib : int07.asm.obj (.int07)

TIMER0_A1 
*          0    0000fff0    00000002     
                  0000fff0    00000002     rts430_eabi.lib : int08.asm.obj (.int08)

TIMER0_A0 
*          0    0000fff2    00000002     
                  0000fff2    00000002     rts430_eabi.lib : int09.asm.obj (.int09)

WDT        0    0000fff4    00000002     
                  0000fff4    00000002     rts430_eabi.lib : int10.asm.obj (.int10)

COMPARATORA 
*          0    0000fff6    00000002     
                  0000fff6    00000002     rts430_eabi.lib : int11.asm.obj (.int11)

TIMER1_A1 
*          0    0000fff8    00000002     
                  0000fff8    00000002     rts430_eabi.lib : int12.asm.obj (.int12)

TIMER1_A0 
*          0    0000fffa    00000002     
                  0000fffa    00000002     rts430_eabi.lib : int13.asm.obj (.int13)

NMI        0    0000fffc    00000002     
                  0000fffc    00000002     rts430_eabi.lib : int14.asm.obj (.int14)

.reset     0    0000fffe    00000002     
                  0000fffe    00000002     rts430_eabi.lib : boot.c.obj (.reset)

$fill000   0    0000ffde    00000002     
                  0000ffde    00000002     --HOLE-- [fill = ffff]

MODULE SUMMARY

       Module                       code   ro data   rw data
       ------                       ----   -------   -------
    .\
       main.obj                     230    26        5      
    +--+----------------------------+------+---------+---------+
       Total:                       230    26        5      
                                                            
    C:\ti\ccs1040\ccs\tools\compiler\ti-cgt-msp430_20.2.5.LTS\lib\rts430_eabi.lib
       _printfi_min.c.obj           716    20        0      
       memory.c.obj                 636    0         4      
       fopen.c.obj                  530    0         2      
       trgmsg.c.obj                 90     0         288    
       defs.c.obj                   0      0         282    
       fputs.c.obj                  234    0         0      
       setvbuf.c.obj                208    0         0      
       open.c.obj                   162    0         2      
       fclose.c.obj                 148    0         0      
       fputc.c.obj                  144    0         0      
       getdevice.c.obj              140    0         0      
       hostlseek.c.obj              136    0         0      
       copy_decompress_lzss.c.obj   124    0         0      
       _io_perm.c.obj               122    0         0      
       host_device.c.obj            0      0         118    
       fseek.c.obj                  112    0         0      
       hostopen.c.obj               102    0         8      
       hostrename.c.obj             106    0         0      
       fflush.c.obj                 98     0         0      
       hostwrite.c.obj              98     0         0      
       hostread.c.obj               96     0         0      
       exit.c.obj                   74     0         2      
       fprintf.c.obj                76     0         0      
       lsr16.asm.obj                76     0         0      
       close.c.obj                  74     0         0      
       printf.c.obj                 70     0         0      
       hostclose.c.obj              68     0         0      
       autoinit.c.obj               66     0         0      
       hostunlink.c.obj             64     0         0      
       lsl32.asm.obj                62     0         0      
       lsl16.asm.obj                44     0         0      
       strncpy.c.obj                44     0         0      
       unlink.c.obj                 40     0         0      
       lseek.c.obj                  38     0         0      
       write.c.obj                  36     0         0      
       memccpy.c.obj                34     0         0      
       boot.c.obj                   28     2         0      
       strchr.c.obj                 26     0         0      
       strcmp.c.obj                 24     0         0      
       div16u.asm.obj               22     0         0      
       copy_zero_init.c.obj         20     0         0      
       memchr.c.obj                 20     0         0      
       memset.c.obj                 20     0         0      
       mult16.asm.obj               20     0         0      
       copy_decompress_none.c.obj   18     0         0      
       memcpy.c.obj                 18     0         0      
       epilog.asm.obj               16     0         0      
       strcpy.c.obj                 16     0         0      
       strlen.c.obj                 14     0         0      
       isr_trap.asm.obj             8      0         0      
       _lock.c.obj                  2      0         4      
       exit_gvars.c.obj             0      0         4      
       pre_init.c.obj               4      0         0      
       int00.asm.obj                0      2         0      
       int02.asm.obj                0      2         0      
       int03.asm.obj                0      2         0      
       int05.asm.obj                0      2         0      
       int07.asm.obj                0      2         0      
       int08.asm.obj                0      2         0      
       int09.asm.obj                0      2         0      
       int10.asm.obj                0      2         0      
       int11.asm.obj                0      2         0      
       int12.asm.obj                0      2         0      
       int13.asm.obj                0      2         0      
       int14.asm.obj                0      2         0      
       startup.c.obj                2      0         0      
    +--+----------------------------+------+---------+---------+
       Total:                       5146   46        714    
                                                            
       Heap:                        0      0         80     
       Stack:                       0      0         80     
       Linker Generated:            0      84        0      
    +--+----------------------------+------+---------+---------+
       Grand Total:                 5376   156       879    


LINKER GENERATED COPY TABLES

__TI_cinit_table @ 0000d578 records: 2, size/record: 4, table size: 8
	.data: load addr=0000d52c, load size=00000042 bytes, run addr=00000320, run size=00000101 bytes, compression=lzss
	.bss: load addr=0000d574, load size=00000004 bytes, run addr=00000422, run size=000000ae bytes, compression=zero_init


LINKER GENERATED HANDLER TABLE

__TI_handler_table @ 0000d56e records: 3, size/record: 2, table size: 6
	index: 0, handler: __TI_zero_init
	index: 1, handler: __TI_decompress_lzss
	index: 2, handler: __TI_decompress_none


GLOBAL SYMBOLS: SORTED ALPHABETICALLY BY Name 

address   name                           
-------   ----                           
0000004a  ADC10AE0                       
000001b0  ADC10CTL0                      
000001b2  ADC10CTL1                      
00000048  ADC10DTC0                      
00000049  ADC10DTC1                      
000001b4  ADC10MEM                       
000001bc  ADC10SA                        
00000057  BCSCTL1                        
00000058  BCSCTL2                        
00000053  BCSCTL3                        
0000d4ea  C$$EXIT                        
0000d1b0  C$$IO$$                        
00000059  CACTL1                         
0000005a  CACTL2                         
000010fb  CALBC1_12MHZ                   
000010f9  CALBC1_16MHZ                   
000010ff  CALBC1_1MHZ                    
000010fd  CALBC1_8MHZ                    
000010fa  CALDCO_12MHZ                   
000010f8  CALDCO_16MHZ                   
000010fe  CALDCO_1MHZ                    
000010fc  CALDCO_8MHZ                    
0000005b  CAPD                           
00000056  DCOCTL                         
00000128  FCTL1                          
0000012a  FCTL2                          
0000012c  FCTL3                          
0000cf58  HOSTclose                      
0000c95e  HOSTlseek                      
0000cc90  HOSTopen                       
0000cdba  HOSTread                       
0000cbbe  HOSTrename                     
0000d064  HOSTunlink                     
0000ccf6  HOSTwrite                      
00000000  IE1                            
00000001  IE2                            
00000002  IFG1                           
00000003  IFG2                           
00000022  P1DIR                          
00000025  P1IE                           
00000024  P1IES                          
00000023  P1IFG                          
00000020  P1IN                           
00000021  P1OUT                          
00000027  P1REN                          
00000026  P1SEL                          
00000041  P1SEL2                         
0000002a  P2DIR                          
0000002d  P2IE                           
0000002c  P2IES                          
0000002b  P2IFG                          
00000028  P2IN                           
00000029  P2OUT                          
0000002f  P2REN                          
0000002e  P2SEL                          
00000042  P2SEL2                         
0000001a  P3DIR                          
00000018  P3IN                           
00000019  P3OUT                          
00000010  P3REN                          
0000001b  P3SEL                          
00000043  P3SEL2                         
00000172  TA0CCR0                        
00000174  TA0CCR1                        
00000176  TA0CCR2                        
00000162  TA0CCTL0                       
00000164  TA0CCTL1                       
00000166  TA0CCTL2                       
00000160  TA0CTL                         
0000012e  TA0IV                          
00000170  TA0R                           
00000192  TA1CCR0                        
00000194  TA1CCR1                        
00000196  TA1CCR2                        
00000182  TA1CCTL0                       
00000184  TA1CCTL1                       
00000186  TA1CCTL2                       
00000180  TA1CTL                         
0000011e  TA1IV                          
00000190  TA1R                           
000010db  TLV_ADC10_1_LEN                
000010da  TLV_ADC10_1_TAG                
000010c0  TLV_CHECKSUM                   
000010f7  TLV_DCO_30_LEN                 
000010f6  TLV_DCO_30_TAG                 
0000005d  UCA0ABCTL                      
00000062  UCA0BR0                        
00000063  UCA0BR1                        
00000060  UCA0CTL0                       
00000061  UCA0CTL1                       
0000005f  UCA0IRRCTL                     
0000005e  UCA0IRTCTL                     
00000064  UCA0MCTL                       
00000066  UCA0RXBUF                      
00000065  UCA0STAT                       
00000067  UCA0TXBUF                      
0000006a  UCB0BR0                        
0000006b  UCB0BR1                        
00000068  UCB0CTL0                       
00000069  UCB0CTL1                       
0000006c  UCB0I2CIE                      
00000118  UCB0I2COA                      
0000011a  UCB0I2CSA                      
0000006e  UCB0RXBUF                      
0000006d  UCB0STAT                       
0000006f  UCB0TXBUF                      
00000120  WDTCTL                         
00000200  _CIOBUF_                       
00000a00  __STACK_END                    
00000050  __STACK_SIZE                   
00000050  __SYSMEM_SIZE                  
0000d578  __TI_CINIT_Base                
0000d580  __TI_CINIT_Limit               
0000d56e  __TI_Handler_Table_Base        
0000d574  __TI_Handler_Table_Limit       
0000d4ce  __TI_ISR_TRAP                  
0000cfe0  __TI_auto_init_nobinit_nopinit 
0000d11e  __TI_cleanup                   
0000040e  __TI_cleanup_ptr               
0000cadc  __TI_closefile                 
0000c9e6  __TI_decompress_lzss           
0000d460  __TI_decompress_none           
0000cd58  __TI_doflush                   
00000410  __TI_dtors_ptr                 
00000418  __TI_enable_exit_profile_output
00000416  __TI_ft_end                    
0000ffe0  __TI_int00                     
0000ffe4  __TI_int02                     
0000ffe6  __TI_int03                     
0000ffea  __TI_int05                     
0000ffec  __TI_int06                     
0000ffee  __TI_int07                     
0000fff0  __TI_int08                     
0000fff2  __TI_int09                     
0000fff4  __TI_int10                     
0000fff6  __TI_int11                     
0000fff8  __TI_int12                     
0000fffa  __TI_int13                     
0000fffc  __TI_int14                     
ffffffff  __TI_pprof_out_hndl            
0000c35c  __TI_printfi_minimal           
ffffffff  __TI_prof_data_size            
ffffffff  __TI_prof_data_start           
0000d1b4  __TI_readmsg                   
00000422  __TI_tmpnams                   
0000d186  __TI_writemsg                  
0000ca62  __TI_wrt_ok                    
0000d410  __TI_zero_init_nomemset        
ffffffff  __c_args__                     
0000d3e4  __mspabi_divu                  
0000d490  __mspabi_func_epilog_1         
0000d48e  __mspabi_func_epilog_2         
0000d48c  __mspabi_func_epilog_3         
0000d48a  __mspabi_func_epilog_4         
0000d488  __mspabi_func_epilog_5         
0000d486  __mspabi_func_epilog_6         
0000d484  __mspabi_func_epilog_7         
0000d44c  __mspabi_mpyi                  
0000d44c  __mspabi_mpyi_sw               
0000d3e4  __mspabi_remu                  
0000d1e0  __mspabi_slli                  
0000d208  __mspabi_slli_1                
0000d1f6  __mspabi_slli_10               
0000d1f4  __mspabi_slli_11               
0000d1f2  __mspabi_slli_12               
0000d1f0  __mspabi_slli_13               
0000d1ee  __mspabi_slli_14               
0000d1ec  __mspabi_slli_15               
0000d206  __mspabi_slli_2                
0000d204  __mspabi_slli_3                
0000d202  __mspabi_slli_4                
0000d200  __mspabi_slli_5                
0000d1fe  __mspabi_slli_6                
0000d1fc  __mspabi_slli_7                
0000d1fa  __mspabi_slli_8                
0000d1f8  __mspabi_slli_9                
0000d0dc  __mspabi_slll_1                
0000d0b8  __mspabi_slll_10               
0000d0b4  __mspabi_slll_11               
0000d0b0  __mspabi_slll_12               
0000d0ac  __mspabi_slll_13               
0000d0a8  __mspabi_slll_14               
0000d0a4  __mspabi_slll_15               
0000d0d8  __mspabi_slll_2                
0000d0d4  __mspabi_slll_3                
0000d0d0  __mspabi_slll_4                
0000d0cc  __mspabi_slll_5                
0000d0c8  __mspabi_slll_6                
0000d0c4  __mspabi_slll_7                
0000d0c0  __mspabi_slll_8                
0000d0bc  __mspabi_slll_9                
0000cec2  __mspabi_srli                  
0000cf08  __mspabi_srli_1                
0000cee4  __mspabi_srli_10               
0000cee0  __mspabi_srli_11               
0000cedc  __mspabi_srli_12               
0000ced8  __mspabi_srli_13               
0000ced4  __mspabi_srli_14               
0000ced0  __mspabi_srli_15               
0000cf04  __mspabi_srli_2                
0000cf00  __mspabi_srli_3                
0000cefc  __mspabi_srli_4                
0000cef8  __mspabi_srli_5                
0000cef4  __mspabi_srli_6                
0000cef0  __mspabi_srli_7                
0000ceec  __mspabi_srli_8                
0000cee8  __mspabi_srli_9                
0000d37a  _c_int00_noargs                
00000398  _device                        
00000320  _ftable                        
00000412  _lock                          
0000d4fc  _nop                           
0000fffe  _reset_vector                  
000009b0  _stack                         
000003e6  _stream                        
000004d0  _sys_memory                    
0000d4fe  _system_post_cinit             
0000d4f8  _system_pre_init               
00000414  _unlock                        
0000d4ea  abort                          
0000c266  aligned_alloc                  
0000d4a4  clk                            
0000cf0e  close                          
00000420  data                           
0000cf9c  exit                           
000004cc  f                              
0000d2f6  fclose                         
0000d152  finddevice                     
0000c8d0  fopen                          
0000d022  fprintf                        
0000c840  fputc                          
0000c448  fputs                          
0000c532  free                           
0000cb4e  fseek                          
0000ce1a  getdevice                      
0000d2ae  init_i2c                       
0000d35c  init_uart                      
000004ce  isr_add                        
0000d288  lseek                          
0000d318  main                           
0000d4d6  malloc                         
0000c266  memalign                       
0000d33a  memccpy                        
0000d424  memchr                         
0000d472  memcpy                         
0000d438  memset                         
0000c79e  open                           
000004c2  parmbuf                        
0000d4b2  port_setup                     
0000d0e2  printf                         
0000c840  putc                           
0000d260  remove                         
0000c604  setvbuf                        
0000d3b2  strchr                         
0000d3cc  strcmp                         
0000d494  strcpy                         
0000d4c0  strlen                         
0000d20c  strncpy                        
0000d3fa  transmit                       
0000ce72  txrx                           
0000d260  unlink                         
0000d2d2  write                          


GLOBAL SYMBOLS: SORTED BY Symbol Address 

address   name                           
-------   ----                           
00000000  IE1                            
00000001  IE2                            
00000002  IFG1                           
00000003  IFG2                           
00000010  P3REN                          
00000018  P3IN                           
00000019  P3OUT                          
0000001a  P3DIR                          
0000001b  P3SEL                          
00000020  P1IN                           
00000021  P1OUT                          
00000022  P1DIR                          
00000023  P1IFG                          
00000024  P1IES                          
00000025  P1IE                           
00000026  P1SEL                          
00000027  P1REN                          
00000028  P2IN                           
00000029  P2OUT                          
0000002a  P2DIR                          
0000002b  P2IFG                          
0000002c  P2IES                          
0000002d  P2IE                           
0000002e  P2SEL                          
0000002f  P2REN                          
00000041  P1SEL2                         
00000042  P2SEL2                         
00000043  P3SEL2                         
00000048  ADC10DTC0                      
00000049  ADC10DTC1                      
0000004a  ADC10AE0                       
00000050  __STACK_SIZE                   
00000050  __SYSMEM_SIZE                  
00000053  BCSCTL3                        
00000056  DCOCTL                         
00000057  BCSCTL1                        
00000058  BCSCTL2                        
00000059  CACTL1                         
0000005a  CACTL2                         
0000005b  CAPD                           
0000005d  UCA0ABCTL                      
0000005e  UCA0IRTCTL                     
0000005f  UCA0IRRCTL                     
00000060  UCA0CTL0                       
00000061  UCA0CTL1                       
00000062  UCA0BR0                        
00000063  UCA0BR1                        
00000064  UCA0MCTL                       
00000065  UCA0STAT                       
00000066  UCA0RXBUF                      
00000067  UCA0TXBUF                      
00000068  UCB0CTL0                       
00000069  UCB0CTL1                       
0000006a  UCB0BR0                        
0000006b  UCB0BR1                        
0000006c  UCB0I2CIE                      
0000006d  UCB0STAT                       
0000006e  UCB0RXBUF                      
0000006f  UCB0TXBUF                      
00000118  UCB0I2COA                      
0000011a  UCB0I2CSA                      
0000011e  TA1IV                          
00000120  WDTCTL                         
00000128  FCTL1                          
0000012a  FCTL2                          
0000012c  FCTL3                          
0000012e  TA0IV                          
00000160  TA0CTL                         
00000162  TA0CCTL0                       
00000164  TA0CCTL1                       
00000166  TA0CCTL2                       
00000170  TA0R                           
00000172  TA0CCR0                        
00000174  TA0CCR1                        
00000176  TA0CCR2                        
00000180  TA1CTL                         
00000182  TA1CCTL0                       
00000184  TA1CCTL1                       
00000186  TA1CCTL2                       
00000190  TA1R                           
00000192  TA1CCR0                        
00000194  TA1CCR1                        
00000196  TA1CCR2                        
000001b0  ADC10CTL0                      
000001b2  ADC10CTL1                      
000001b4  ADC10MEM                       
000001bc  ADC10SA                        
00000200  _CIOBUF_                       
00000320  _ftable                        
00000398  _device                        
000003e6  _stream                        
0000040e  __TI_cleanup_ptr               
00000410  __TI_dtors_ptr                 
00000412  _lock                          
00000414  _unlock                        
00000416  __TI_ft_end                    
00000418  __TI_enable_exit_profile_output
00000420  data                           
00000422  __TI_tmpnams                   
000004c2  parmbuf                        
000004cc  f                              
000004ce  isr_add                        
000004d0  _sys_memory                    
000009b0  _stack                         
00000a00  __STACK_END                    
000010c0  TLV_CHECKSUM                   
000010da  TLV_ADC10_1_TAG                
000010db  TLV_ADC10_1_LEN                
000010f6  TLV_DCO_30_TAG                 
000010f7  TLV_DCO_30_LEN                 
000010f8  CALDCO_16MHZ                   
000010f9  CALBC1_16MHZ                   
000010fa  CALDCO_12MHZ                   
000010fb  CALBC1_12MHZ                   
000010fc  CALDCO_8MHZ                    
000010fd  CALBC1_8MHZ                    
000010fe  CALDCO_1MHZ                    
000010ff  CALBC1_1MHZ                    
0000c266  aligned_alloc                  
0000c266  memalign                       
0000c35c  __TI_printfi_minimal           
0000c448  fputs                          
0000c532  free                           
0000c604  setvbuf                        
0000c79e  open                           
0000c840  fputc                          
0000c840  putc                           
0000c8d0  fopen                          
0000c95e  HOSTlseek                      
0000c9e6  __TI_decompress_lzss           
0000ca62  __TI_wrt_ok                    
0000cadc  __TI_closefile                 
0000cb4e  fseek                          
0000cbbe  HOSTrename                     
0000cc90  HOSTopen                       
0000ccf6  HOSTwrite                      
0000cd58  __TI_doflush                   
0000cdba  HOSTread                       
0000ce1a  getdevice                      
0000ce72  txrx                           
0000cec2  __mspabi_srli                  
0000ced0  __mspabi_srli_15               
0000ced4  __mspabi_srli_14               
0000ced8  __mspabi_srli_13               
0000cedc  __mspabi_srli_12               
0000cee0  __mspabi_srli_11               
0000cee4  __mspabi_srli_10               
0000cee8  __mspabi_srli_9                
0000ceec  __mspabi_srli_8                
0000cef0  __mspabi_srli_7                
0000cef4  __mspabi_srli_6                
0000cef8  __mspabi_srli_5                
0000cefc  __mspabi_srli_4                
0000cf00  __mspabi_srli_3                
0000cf04  __mspabi_srli_2                
0000cf08  __mspabi_srli_1                
0000cf0e  close                          
0000cf58  HOSTclose                      
0000cf9c  exit                           
0000cfe0  __TI_auto_init_nobinit_nopinit 
0000d022  fprintf                        
0000d064  HOSTunlink                     
0000d0a4  __mspabi_slll_15               
0000d0a8  __mspabi_slll_14               
0000d0ac  __mspabi_slll_13               
0000d0b0  __mspabi_slll_12               
0000d0b4  __mspabi_slll_11               
0000d0b8  __mspabi_slll_10               
0000d0bc  __mspabi_slll_9                
0000d0c0  __mspabi_slll_8                
0000d0c4  __mspabi_slll_7                
0000d0c8  __mspabi_slll_6                
0000d0cc  __mspabi_slll_5                
0000d0d0  __mspabi_slll_4                
0000d0d4  __mspabi_slll_3                
0000d0d8  __mspabi_slll_2                
0000d0dc  __mspabi_slll_1                
0000d0e2  printf                         
0000d11e  __TI_cleanup                   
0000d152  finddevice                     
0000d186  __TI_writemsg                  
0000d1b0  C$$IO$$                        
0000d1b4  __TI_readmsg                   
0000d1e0  __mspabi_slli                  
0000d1ec  __mspabi_slli_15               
0000d1ee  __mspabi_slli_14               
0000d1f0  __mspabi_slli_13               
0000d1f2  __mspabi_slli_12               
0000d1f4  __mspabi_slli_11               
0000d1f6  __mspabi_slli_10               
0000d1f8  __mspabi_slli_9                
0000d1fa  __mspabi_slli_8                
0000d1fc  __mspabi_slli_7                
0000d1fe  __mspabi_slli_6                
0000d200  __mspabi_slli_5                
0000d202  __mspabi_slli_4                
0000d204  __mspabi_slli_3                
0000d206  __mspabi_slli_2                
0000d208  __mspabi_slli_1                
0000d20c  strncpy                        
0000d260  remove                         
0000d260  unlink                         
0000d288  lseek                          
0000d2ae  init_i2c                       
0000d2d2  write                          
0000d2f6  fclose                         
0000d318  main                           
0000d33a  memccpy                        
0000d35c  init_uart                      
0000d37a  _c_int00_noargs                
0000d3b2  strchr                         
0000d3cc  strcmp                         
0000d3e4  __mspabi_divu                  
0000d3e4  __mspabi_remu                  
0000d3fa  transmit                       
0000d410  __TI_zero_init_nomemset        
0000d424  memchr                         
0000d438  memset                         
0000d44c  __mspabi_mpyi                  
0000d44c  __mspabi_mpyi_sw               
0000d460  __TI_decompress_none           
0000d472  memcpy                         
0000d484  __mspabi_func_epilog_7         
0000d486  __mspabi_func_epilog_6         
0000d488  __mspabi_func_epilog_5         
0000d48a  __mspabi_func_epilog_4         
0000d48c  __mspabi_func_epilog_3         
0000d48e  __mspabi_func_epilog_2         
0000d490  __mspabi_func_epilog_1         
0000d494  strcpy                         
0000d4a4  clk                            
0000d4b2  port_setup                     
0000d4c0  strlen                         
0000d4ce  __TI_ISR_TRAP                  
0000d4d6  malloc                         
0000d4ea  C$$EXIT                        
0000d4ea  abort                          
0000d4f8  _system_pre_init               
0000d4fc  _nop                           
0000d4fe  _system_post_cinit             
0000d56e  __TI_Handler_Table_Base        
0000d574  __TI_Handler_Table_Limit       
0000d578  __TI_CINIT_Base                
0000d580  __TI_CINIT_Limit               
0000ffe0  __TI_int00                     
0000ffe4  __TI_int02                     
0000ffe6  __TI_int03                     
0000ffea  __TI_int05                     
0000ffec  __TI_int06                     
0000ffee  __TI_int07                     
0000fff0  __TI_int08                     
0000fff2  __TI_int09                     
0000fff4  __TI_int10                     
0000fff6  __TI_int11                     
0000fff8  __TI_int12                     
0000fffa  __TI_int13                     
0000fffc  __TI_int14                     
0000fffe  _reset_vector                  
ffffffff  __TI_pprof_out_hndl            
ffffffff  __TI_prof_data_size            
ffffffff  __TI_prof_data_start           
ffffffff  __c_args__                     

[262 symbols]
